2026-10-04 13:12:52 yahoo_jp FAILED status=200 ctype=text/html; charset=utf-8 seed=英語対応 ハイヤー ドライバー (endpoint risponde HTML o richiede appid)
2026-10-04 13:12:54 yahoo_jp FAILED status=200 ctype=text/html; charset=utf-8 seed=外国語対応 乗務員 (endpoint risponde HTML o richiede appid)
2026-10-04 13:12:56 yahoo_jp FAILED status=200 ctype=text/html; charset=utf-8 seed=インバウンド対応 ドライバー (endpoint risponde HTML o richiede appid)
2026-10-04 13:12:58 yahoo_jp FAILED status=200 ctype=text/html; charset=utf-8 seed=英語が話せる 運転手 (endpoint risponde HTML o richiede appid)
2026-10-04 13:13:00 yahoo_jp FAILED status=200 ctype=text/html; charset=utf-8 seed=外国人VIP 送迎 (endpoint risponde HTML o richiede appid)
2026-10-04 13:13:03 yahoo_jp FAILED status=200 ctype=text/html; charset=utf-8 seed=二種免許 英語 (endpoint risponde HTML o richiede appid)
2026-10-04 13:13:05 yahoo_jp FAILED status=200 ctype=text/html; charset=utf-8 seed=多言語 ドライバー 東京 (endpoint risponde HTML o richiede appid)
2026-10-04 13:13:07 yahoo_jp FAILED status=200 ctype=text/html; charset=utf-8 seed=登録ドライバー ハイヤー (endpoint risponde HTML o richiede appid)
2026-10-04 13:13:10 yahoo_jp FAILED status=200 ctype=text/html; charset=utf-8 seed=ハイヤー 乗務員 兼業 (endpoint risponde HTML o richiede appid)
2026-10-04 13:13:12 yahoo_jp FAILED status=200 ctype=text/html; charset=utf-8 seed=ハイヤー ドライバー 紹介 (endpoint risponde HTML o richiede appid)
2026-10-04 13:13:14 yahoo_jp FAILED status=200 ctype=text/html; charset=utf-8 seed=外国語 ドライバー 不足 (endpoint risponde HTML o richiede appid)
2026-10-04 13:13:16 yahoo_jp FAILED status=200 ctype=text/html; charset=utf-8 seed=英語 タクシー 運転手 東京 (endpoint risponde HTML o richiede appid)
2026-10-04 13:13:18 yahoo_jp FAILED status=200 ctype=text/html; charset=utf-8 seed=ハイヤー ドライバー (endpoint risponde HTML o richiede appid)
2026-10-04 13:13:20 yahoo_jp FAILED status=200 ctype=text/html; charset=utf-8 seed=ハイヤー 乗務員 (endpoint risponde HTML o richiede appid)
2026-10-04 13:13:23 yahoo_jp FAILED status=200 ctype=text/html; charset=utf-8 seed=ハイヤー 英語 (endpoint risponde HTML o richiede appid)
2026-10-04 13:13:25 yahoo_jp FAILED status=200 ctype=text/html; charset=utf-8 seed=英語 運転手 (endpoint risponde HTML o richiede appid)
2026-10-04 13:13:27 yahoo_jp FAILED status=200 ctype=text/html; charset=utf-8 seed=英語 ドライバー (endpoint risponde HTML o richiede appid)
2026-10-04 13:13:29 yahoo_jp FAILED status=200 ctype=text/html; charset=utf-8 seed=外国語 ドライバー (endpoint risponde HTML o richiede appid)
2026-10-04 13:13:32 yahoo_jp FAILED status=200 ctype=text/html; charset=utf-8 seed=インバウンド ドライバー (endpoint risponde HTML o richiede appid)
2026-10-04 13:13:34 yahoo_jp FAILED status=200 ctype=text/html; charset=utf-8 seed=二種免許 (endpoint risponde HTML o richiede appid)
2026-10-04 13:13:36 yahoo_jp FAILED status=200 ctype=text/html; charset=utf-8 seed=二種免許 外国人 (endpoint risponde HTML o richiede appid)
2026-10-04 13:13:38 yahoo_jp FAILED status=200 ctype=text/html; charset=utf-8 seed=多言語 ドライバー (endpoint risponde HTML o richiede appid)
2026-10-04 13:13:41 yahoo_jp FAILED status=200 ctype=text/html; charset=utf-8 seed=外国人 送迎 (endpoint risponde HTML o richiede appid)
2026-10-04 13:13:43 yahoo_jp FAILED status=200 ctype=text/html; charset=utf-8 seed=VIP 送迎 (endpoint risponde HTML o richiede appid)
2026-10-04 13:13:46 yahoo_jp FAILED status=200 ctype=text/html; charset=utf-8 seed=英語 タクシー (endpoint risponde HTML o richiede appid)
2026-10-04 13:13:48 yahoo_jp FAILED status=200 ctype=text/html; charset=utf-8 seed=ドライバー 紹介 (endpoint risponde HTML o richiede appid)
2026-10-04 13:13:50 yahoo_jp FAILED status=200 ctype=text/html; charset=utf-8 seed=乗務員 兼業 (endpoint risponde HTML o richiede appid)
2026-10-04 13:13:53 yahoo_jp FAILED status=200 ctype=text/html; charset=utf-8 seed=ハイヤー 求人 (endpoint risponde HTML o richiede appid)
2026-10-04 13:13:55 yahoo_jp FAILED status=200 ctype=text/html; charset=utf-8 seed=タクシー 英語 求人 (endpoint risponde HTML o richiede appid)
2026-10-04 13:20:13 yahoo_jp SKIPPED: endpoint gia' verificato non disponibile nel run 1 (risponde HTML; l'API ufficiale richiede appid)
2026-10-04 13:24:20 yahoo_jp SKIPPED: endpoint gia' verificato non disponibile nel run 1 (risponde HTML; l'API ufficiale richiede appid)
2026-10-04 13:30:20 yahoo_jp SKIPPED: endpoint gia' verificato non disponibile nel run 1 (risponde HTML; l'API ufficiale richiede appid)
